$ bun run clean && tsup
$ rm -rf dist
CLI Building entry: src/client.ts, src/index.ts, src/server.ts
CLI Using tsconfig: tsconfig.json
CLI tsup v8.5.0
CLI Using tsup config: /home/david/dev/authdog/web-sdk/packages/vue/tsup.config.ts
CLI Target: node16
CLI Cleaning output folder
ESM Build start
CJS Build start
CJS dist/client.js     431.00 B
CJS dist/index.js      6.68 KB
CJS dist/server.js     431.00 B
CJS dist/client.js.map 180.00 B
CJS dist/index.js.map  23.85 KB
CJS dist/server.js.map 180.00 B
CJS ⚡️ Build success in 98ms
ESM dist/client.mjs     35.00 B
ESM dist/index.mjs      5.86 KB
ESM dist/server.mjs     35.00 B
ESM dist/client.mjs.map 71.00 B
ESM dist/index.mjs.map  24.10 KB
ESM dist/server.mjs.map 71.00 B
ESM ⚡️ Build success in 100ms
DTS Build start
DTS ⚡️ Build success in 4344ms
DTS dist/client.d.mts 13.00 B
DTS dist/index.d.mts  2.96 KB
DTS dist/server.d.mts 13.00 B
DTS dist/client.d.ts  13.00 B
DTS dist/index.d.ts   2.96 KB
DTS dist/server.d.ts  13.00 B
