

> @playground/remix@ build /home/david/dev/authdog/web-sdk/apps/remix
> remix vite:build

[36mvite v5.4.12 [32mbuilding for production...[36m[39m
[2K[1Gtransforming (1) [2mapp/entry.client.tsx[22m[2K[1G[32m✓[39m 1 modules transformed.
[2K[1G[31mx[39m Build failed in 68ms
[31m[remix] Failed to resolve entry for package "@authdog/react-elements". The package may have incorrect main/module/exports specified in its package.json: Missing "." specifier in "@authdog/react-elements" package[39m
file: [36m/home/david/dev/authdog/web-sdk/apps/remix/app/root.tsx?__remix-build-client-route[39m
    at packageEntryFailure (file:///home/david/dev/authdog/web-sdk/node_modules/[4m.pnpm[24m/vite@5.4.12_@types+node@22.14.1_lightningcss@1.29.2/node_modules/[4mvite[24m/dist/node/chunks/dep-CjorC8P2.js:46638:15)
    at resolvePackageEntry (file:///home/david/dev/authdog/web-sdk/node_modules/[4m.pnpm[24m/vite@5.4.12_@types+node@22.14.1_lightningcss@1.29.2/node_modules/[4mvite[24m/dist/node/chunks/dep-CjorC8P2.js:46633:5)
    at tryNodeResolve (file:///home/david/dev/authdog/web-sdk/node_modules/[4m.pnpm[24m/vite@5.4.12_@types+node@22.14.1_lightningcss@1.29.2/node_modules/[4mvite[24m/dist/node/chunks/dep-CjorC8P2.js:46451:16)
    at ResolveIdContext.resolveId (file:///home/david/dev/authdog/web-sdk/node_modules/[4m.pnpm[24m/vite@5.4.12_@types+node@22.14.1_lightningcss@1.29.2/node_modules/[4mvite[24m/dist/node/chunks/dep-CjorC8P2.js:46201:19)
    at PluginContainer.resolveId (file:///home/david/dev/authdog/web-sdk/node_modules/[4m.pnpm[24m/vite@5.4.12_@types+node@22.14.1_lightningcss@1.29.2/node_modules/[4mvite[24m/dist/node/chunks/dep-CjorC8P2.js:49017:17)
[90m    at processTicksAndRejections (node:internal/process/task_queues:105:5)[39m
    at TransformPluginContext.resolve (file:///home/david/dev/authdog/web-sdk/node_modules/[4m.pnpm[24m/vite@5.4.12_@types+node@22.14.1_lightningcss@1.29.2/node_modules/[4mvite[24m/dist/node/chunks/dep-CjorC8P2.js:49177:15)
    at normalizeUrl (file:///home/david/dev/authdog/web-sdk/node_modules/[4m.pnpm[24m/vite@5.4.12_@types+node@22.14.1_lightningcss@1.29.2/node_modules/[4mvite[24m/dist/node/chunks/dep-CjorC8P2.js:64181:26)
    at file:///home/david/dev/authdog/web-sdk/node_modules/[4m.pnpm[24m/vite@5.4.12_@types+node@22.14.1_lightningcss@1.29.2/node_modules/[4mvite[24m/dist/node/chunks/dep-CjorC8P2.js:64320:39
    at async Promise.all (index 3) {
  code: [32m'PLUGIN_ERROR'[39m,
  plugin: [32m'remix'[39m,
  id: [32m'/home/david/dev/authdog/web-sdk/apps/remix/app/root.tsx?__remix-build-client-route'[39m,
  pluginCode: [32m'import { Fragment, jsx, jsxs } from "react/jsx-runtime";\n'[39m +
    [32m'import {\n'[39m +
    [32m'  Links,\n'[39m +
    [32m'  Meta,\n'[39m +
    [32m'  Outlet,\n'[39m +
    [32m'  redirect,\n'[39m +
    [32m'  Scripts,\n'[39m +
    [32m'  ScrollRestoration,\n'[39m +
    [32m'  useLoaderData\n'[39m +
    [32m'} from "@remix-run/react";\n'[39m +
    [32m'import { ReloadPage } from "~/components/ReloadPage";\n'[39m +
    [32m'import { Navbar } from "@authdog/react-elements";\n'[39m +
    [32m'import { remixAuthLoader } from "@authdog/remix-node";\n'[39m +
    [32m'export const links = () => [\n'[39m +
    [32m'  { rel: "preconnect", href: "https://fonts.googleapis.com" },\n'[39m +
    [32m'  {\n'[39m +
    [32m'    rel: "preconnect",\n'[39m +
    [32m'    href: "https://fonts.gstatic.com",\n'[39m +
    [32m'    crossOrigin: "anonymous"\n'[39m +
    [32m'  },\n'[39m +
    [32m'  {\n'[39m +
    [32m'    rel: "stylesheet",\n'[39m +
    [32m'    href: "https://fonts.googleapis.com/css2?family=Inter:ital,opsz,wght@0,14..32,100..900;1,14..32,100..900&display=swap"\n'[39m +
    [32m'  }\n'[39m +
    [32m'];\n'[39m +
    [32m'export function Layout({ children }) {\n'[39m +
    [32m'  return /* @__PURE__ */ jsxs("html", { lang: "en", children: [\n'[39m +
    [32m'    /* @__PURE__ */ jsxs("head", { children: [\n'[39m +
    [32m'      /* @__PURE__ */ jsx("meta", { charSet: "utf-8" }),\n'[39m +
    [32m'      /* @__PURE__ */ jsx("meta", { name: "viewport", content: "width=device-width, initial-scale=1" }),\n'[39m +
    [32m'      /* @__PURE__ */ jsx(Meta, {}),\n'[39m +
    [32m'      /* @__PURE__ */ jsx(Links, {})\n'[39m +
    [32m'    ] }),\n'[39m +
    [32m'    /* @__PURE__ */ jsx(AuthdogProvider, { children: /* @__PURE__ */ jsxs("body", { children: [\n'[39m +
    [32m'      children,\n'[39m +
    [32m'      /* @__PURE__ */ jsx(ScrollRestoration, {}),\n'[39m +
    [32m'      /* @__PURE__ */ jsx(Scripts, {}),\n'[39m +
    [32m'      /* @__PURE__ */ jsx(ReloadPage, {})\n'[39m +
    [32m'    ] }) })\n'[39m +
    [32m'  ] });\n'[39m +
    [32m'}\n'[39m +
    [32m'const App = () => {\n'[39m +
    [32m'  return /* @__PURE__ */ jsx(Outlet, {});\n'[39m +
    [32m'};\n'[39m +
    [32m'export const action = async ({ request }) => {\n'[39m +
    [32m'  const publicKey = process.env.PK_AUTHDOG;\n'[39m +
    [32m'  if (!publicKey) {\n'[39m +
    [32m'    throw new Error("Public key is not defined");\n'[39m +
    [32m'  }\n'[39m +
    [32m'  const payload = JSON.parse(\n'[39m +
    [32m'    Buffer.from(publicKey.replace("pk_", ""), "base64").toString("utf-8")\n'[39m +
    [32m'  );\n'[39m +
    [32m'  const environmentId = payload.environmentId;\n'[39m +
    [32m'  const cookieNameSession = `user_session_${environmentId}`;\n'[39m +
    [32m'  const cookieNameHash = `user_session_hash_${environmentId}`;\n'[39m +
    [32m'  const response = redirect("/");\n'[39m +
    [32m'  response.headers.append(\n'[39m +
    [32m'    "Set-Cookie",\n'[39m +
    [32m'    `${cookieNameSession}=; Path=/; HttpOnly; Secure; SameSite=Strict; Max-Age=0`\n'[39m +
    [32m'  );\n'[39m +
    [32m'  response.headers.append(\n'[39m +
    [32m'    "Set-Cookie",\n'[39m +
    [32m'    `${cookieNameHash}=; Path=/; HttpOnly; Secure; SameSite=Strict; Max-Age=0`\n'[39m +
    [32m'  );\n'[39m +
    [32m'  return response;\n'[39m +
    [32m'};\n'[39m +
    [32m'export const loader = async ({ context, request }) => await remixAuthLoader({\n'[39m +
    [32m'  request,\n'[39m +
    [32m'  context,\n'[39m +
    [32m'  params: {\n'[39m +
    [32m'    publicKey: process.env.PK_AUTHDOG\n'[39m +
    [32m'  }\n'[39m +
    [32m'});\n'[39m +
    [32m'const AuthdogRemixApp = (App2, opts = {}) => {\n'[39m +
    [32m'  return () => {\n'[39m +
    [32m'    const data = useLoaderData();\n'[39m +
    [32m'    const isAuthenticated = data?.user?.id !== void 0;\n'[39m +
    [32m'    const signinUri = data?.signinUri;\n'[39m +
    [32m'    return /* @__PURE__ */ jsxs(AuthdogProvider, { children: [\n'[39m +
    [32m'      /* @__PURE__ */ jsx(Navbar, {}),\n'[39m +
    [32m'      isAuthenticated ? /* @__PURE__ */ jsx("form", { method: "post", children: /* @__PURE__ */ jsx("button", { type: "submit", className: "px-4 py-2 bg-red-500 text-white rounded hover:bg-red-600", children: "Logout" }) }) : /* @__PURE__ */ jsx(\n'[39m +
    [32m'        "button",\n'[39m +
    [32m'        {\n'[39m +
    [32m'          className: "px-4 py-2 bg-green-500 text-white rounded hover:bg-green-600",\n'[39m +
    [32m'          onClick: () => {\n'[39m +
    [32m'            location.href = signinUri;\n'[39m +
    [32m'          },\n'[39m +
    [32m'          children: "Sign in"\n'[39m +
    [32m'        }\n'[39m +
    [32m'      ),\n'[39m +
    [32m'      /* @__PURE__ */ jsx(App2, {})\n'[39m +
    [32m'    ] });\n'[39m +
    [32m'  };\n'[39m +
    [32m'};\n'[39m +
    [32m'export const getPublicKeyPayload = (publicKey) => {\n'[39m +
    [32m'  if (!publicKey) {\n'[39m +
    [32m'    throw new Error("Public key is not defined");\n'[39m +
    [32m'  }\n'[39m +
    [32m'  if (!publicKey.startsWith("pk_")) {\n'[39m +
    [32m'    throw new Error("Invalid public key");\n'[39m +
    [32m'  }\n'[39m +
    [32m'  try {\n'[39m +
    [32m'    return JSON.parse(\n'[39m +
    [32m'      Buffer.from(publicKey.replace("pk_", ""), "base64").toString("utf-8")\n'[39m +
    [32m'    );\n'[39m +
    [32m'  } catch (e) {\n'[39m +
    [32m'    throw new Error("Failed to parse public key");\n'[39m +
    [32m'  }\n'[39m +
    [32m'};\n'[39m +
    [32m'export function AuthdogProvider({ children }) {\n'[39m +
    [32m'  return /* @__PURE__ */ jsx(Fragment, { children });\n'[39m +
    [32m'}\n'[39m +
    [32m'export default AuthdogRemixApp(App);\n'[39m,
  hook: [32m'transform'[39m,
  watchFiles: [
    [32m'/home/david/dev/authdog/web-sdk/apps/remix/app/entry.client.tsx'[39m,
    [32m'/home/david/dev/authdog/web-sdk/apps/remix/app/root.tsx'[39m,
    [32m'/home/david/dev/authdog/web-sdk/apps/remix/app/routes/_index.tsx'[39m
  ]
}
[41m[30m ELIFECYCLE [39m[49m [31mCommand failed with exit code 1.[39m
