$ bun run clean && tsup
$ rm -rf dist
CLI Building entry: src/index.ts
CLI Using tsconfig: tsconfig.json
CLI tsup v8.5.0
CLI Using tsup config: /home/david/dev/authdog/web-sdk/packages/node-commons/tsup.config.ts
CLI Target: es2020
CLI Cleaning output folder
CJS Build start
ESM Build start
CJS dist/index.js     1.44 KB
CJS dist/index.js.map 3.56 KB
CJS ⚡️ Build success in 17ms
ESM dist/index.mjs     911.00 B
ESM dist/index.mjs.map 3.05 KB
ESM ⚡️ Build success in 17ms
DTS Build start
DTS ⚡️ Build success in 1361ms
DTS dist/index.d.ts  696.00 B
DTS dist/index.d.mts 696.00 B
