

> @authdog/react-elements@0.0.4 build /home/david/dev/authdog/web-sdk/packages/react-elements
> pnpm clean && tsup


> @authdog/react-elements@0.0.4 clean /home/david/dev/authdog/web-sdk/packages/react-elements
> rm -rf dist

[34mCLI[39m Building entry: src/index.ts, src/tailwind.config.ts
[34mCLI[39m Using tsconfig: tsconfig.json
[34mCLI[39m tsup v8.3.5
[34mCLI[39m Using tsup config: /home/david/dev/authdog/web-sdk/packages/react-elements/tsup.config.ts
[34mCLI[39m Target: es2020
[34mCLI[39m Cleaning output folder
[34mCJS[39m Build start
[34mESM[39m Build start
[32mCJS[39m [1mdist/index.js               [22m[32m76.97 KB[39m
[32mCJS[39m [1mdist/tailwind.config.js     [22m[32m69.63 KB[39m
[32mCJS[39m [1mdist/index.js.map           [22m[32m264.64 KB[39m
[32mCJS[39m [1mdist/tailwind.config.js.map [22m[32m248.31 KB[39m
[32mCJS[39m ⚡️ Build success in 179ms
[32mESM[39m [1mdist/index.mjs               [22m[32m76.64 KB[39m
[32mESM[39m [1mdist/tailwind.config.mjs     [22m[32m69.49 KB[39m
[32mESM[39m [1mdist/tailwind.config.mjs.map [22m[32m248.21 KB[39m
[32mESM[39m [1mdist/index.mjs.map           [22m[32m263.82 KB[39m
[32mESM[39m ⚡️ Build success in 181ms
DTS Build start
